// Jest Snapshot v1, https://goo.gl/fbAQLP

exports[`UsersList renders a snapshot properly 1`] = `
<div>
  <h1
    className="title is-1"
  >
    All Users
  </h1>
  <hr />
  <br />
  <table
    className="table is-hoverable is-fullwidth"
  >
    <thead>
      <tr>
        <td>
          ID
        </td>
        <td>
          Email
        </td>
        <td>
          Username
        </td>
        <td>
          Active
        </td>
        <td>
          Admin
        </td>
      </tr>
    </thead>
    <tbody>
      <tr>
        <td>
          1
        </td>
        <td>
          mvalentino@martinlabs.me
        </td>
        <td>
          mvalentino
        </td>
        <td>
          true
        </td>
        <td>
          false
        </td>
      </tr>
      <tr>
        <td>
          2
        </td>
        <td>
          martin@gmail.com
        </td>
        <td>
          martin
        </td>
        <td>
          true
        </td>
        <td>
          false
        </td>
      </tr>
    </tbody>
  </table>
</div>
`;
